Archive member included because of file (symbol)

/Applications/KDS_v3.app/Contents/toolchain/bin/../lib/gcc/arm-none-eabi/4.8.4/armv6-m/libgcc.a(_udivsi3.o)
                              ./utilities/fsl_debug_console.o (__aeabi_uidiv)
/Applications/KDS_v3.app/Contents/toolchain/bin/../lib/gcc/arm-none-eabi/4.8.4/armv6-m/libgcc.a(_divsi3.o)
                              ./utilities/fsl_debug_console.o (__aeabi_idiv)
/Applications/KDS_v3.app/Contents/toolchain/bin/../lib/gcc/arm-none-eabi/4.8.4/armv6-m/libgcc.a(_dvmd_tls.o)
                              /Applications/KDS_v3.app/Contents/toolchain/bin/../lib/gcc/arm-none-eabi/4.8.4/armv6-m/libgcc.a(_udivsi3.o) (__aeabi_idiv0)
/Applications/KDS_v3.app/Contents/toolchain/bin/../lib/gcc/arm-none-eabi/4.8.4/../../../../arm-none-eabi/lib/armv6-m/libg_s.a(lib_a-errno.o)
                              ./utilities/fsl_sbrk.o (__errno)
/Applications/KDS_v3.app/Contents/toolchain/bin/../lib/gcc/arm-none-eabi/4.8.4/../../../../arm-none-eabi/lib/armv6-m/libg_s.a(lib_a-exit.o)
                              /Applications/KDS_v3.app/Contents/toolchain/bin/../lib/gcc/arm-none-eabi/4.8.4/../../../../arm-none-eabi/lib/armv6-m/crt0.o (exit)
/Applications/KDS_v3.app/Contents/toolchain/bin/../lib/gcc/arm-none-eabi/4.8.4/../../../../arm-none-eabi/lib/armv6-m/libg_s.a(lib_a-impure.o)
                              /Applications/KDS_v3.app/Contents/toolchain/bin/../lib/gcc/arm-none-eabi/4.8.4/../../../../arm-none-eabi/lib/armv6-m/libg_s.a(lib_a-exit.o) (_global_impure_ptr)
/Applications/KDS_v3.app/Contents/toolchain/bin/../lib/gcc/arm-none-eabi/4.8.4/../../../../arm-none-eabi/lib/armv6-m/libg_s.a(lib_a-init.o)
                              /Applications/KDS_v3.app/Contents/toolchain/bin/../lib/gcc/arm-none-eabi/4.8.4/../../../../arm-none-eabi/lib/armv6-m/crt0.o (__libc_init_array)
/Applications/KDS_v3.app/Contents/toolchain/bin/../lib/gcc/arm-none-eabi/4.8.4/../../../../arm-none-eabi/lib/armv6-m/libg_s.a(lib_a-malloc.o)
                              ./source/circbuf.o (malloc)
/Applications/KDS_v3.app/Contents/toolchain/bin/../lib/gcc/arm-none-eabi/4.8.4/../../../../arm-none-eabi/lib/armv6-m/libg_s.a(lib_a-memcpy-stub.o)
                              ./drivers/fsl_flash.o (memcpy)
/Applications/KDS_v3.app/Contents/toolchain/bin/../lib/gcc/arm-none-eabi/4.8.4/../../../../arm-none-eabi/lib/armv6-m/libg_s.a(lib_a-memmove.o)
                              ./utilities/fsl_shell.o (memmove)
/Applications/KDS_v3.app/Contents/toolchain/bin/../lib/gcc/arm-none-eabi/4.8.4/../../../../arm-none-eabi/lib/armv6-m/libg_s.a(lib_a-memset.o)
                              /Applications/KDS_v3.app/Contents/toolchain/bin/../lib/gcc/arm-none-eabi/4.8.4/../../../../arm-none-eabi/lib/armv6-m/crt0.o (memset)
/Applications/KDS_v3.app/Contents/toolchain/bin/../lib/gcc/arm-none-eabi/4.8.4/../../../../arm-none-eabi/lib/armv6-m/libg_s.a(lib_a-nano-freer.o)
                              /Applications/KDS_v3.app/Contents/toolchain/bin/../lib/gcc/arm-none-eabi/4.8.4/../../../../arm-none-eabi/lib/armv6-m/libg_s.a(lib_a-malloc.o) (_free_r)
/Applications/KDS_v3.app/Contents/toolchain/bin/../lib/gcc/arm-none-eabi/4.8.4/../../../../arm-none-eabi/lib/armv6-m/libg_s.a(lib_a-nano-mallocr.o)
                              /Applications/KDS_v3.app/Contents/toolchain/bin/../lib/gcc/arm-none-eabi/4.8.4/../../../../arm-none-eabi/lib/armv6-m/libg_s.a(lib_a-malloc.o) (_malloc_r)
/Applications/KDS_v3.app/Contents/toolchain/bin/../lib/gcc/arm-none-eabi/4.8.4/../../../../arm-none-eabi/lib/armv6-m/libg_s.a(lib_a-printf.o)
                              ./source/project2.o (printf)
/Applications/KDS_v3.app/Contents/toolchain/bin/../lib/gcc/arm-none-eabi/4.8.4/../../../../arm-none-eabi/lib/armv6-m/libg_s.a(lib_a-sbrkr.o)
                              /Applications/KDS_v3.app/Contents/toolchain/bin/../lib/gcc/arm-none-eabi/4.8.4/../../../../arm-none-eabi/lib/armv6-m/libg_s.a(lib_a-nano-mallocr.o) (_sbrk_r)
/Applications/KDS_v3.app/Contents/toolchain/bin/../lib/gcc/arm-none-eabi/4.8.4/../../../../arm-none-eabi/lib/armv6-m/libg_s.a(lib_a-strlen.o)
                              ./utilities/fsl_debug_console.o (strlen)
/Applications/KDS_v3.app/Contents/toolchain/bin/../lib/gcc/arm-none-eabi/4.8.4/../../../../arm-none-eabi/lib/armv6-m/libg_s.a(lib_a-vfprintf.o)
                              /Applications/KDS_v3.app/Contents/toolchain/bin/../lib/gcc/arm-none-eabi/4.8.4/../../../../arm-none-eabi/lib/armv6-m/libg_s.a(lib_a-printf.o) (_vfprintf_r)
/Applications/KDS_v3.app/Contents/toolchain/bin/../lib/gcc/arm-none-eabi/4.8.4/../../../../arm-none-eabi/lib/armv6-m/libg_s.a(lib_a-vfprintf_i.o)
                              /Applications/KDS_v3.app/Contents/toolchain/bin/../lib/gcc/arm-none-eabi/4.8.4/../../../../arm-none-eabi/lib/armv6-m/libg_s.a(lib_a-vfprintf.o) (_printf_i)
/Applications/KDS_v3.app/Contents/toolchain/bin/../lib/gcc/arm-none-eabi/4.8.4/../../../../arm-none-eabi/lib/armv6-m/libg_s.a(lib_a-wbuf.o)
[...]
Memory Configuration

Name             Origin             Length             Attributes
m_interrupts     0x0000000000000000 0x0000000000000200 xr
m_flash_config   0x0000000000000400 0x0000000000000010 xr
m_text           0x0000000000000410 0x000000000001fbf0 xr
m_data           0x000000001ffff000 0x0000000000004000 rw
*default*        0x0000000000000000 0xffffffffffffffff

Linker script and memory map

LOAD /Applications/KDS_v3.app/Contents/toolchain/bin/../lib/gcc/arm-none-eabi/4.8.4/armv6-m/crti.o
LOAD /Applications/KDS_v3.app/Contents/toolchain/bin/../lib/gcc/arm-none-eabi/4.8.4/armv6-m/crtbegin.o
LOAD /Applications/KDS_v3.app/Contents/toolchain/bin/../lib/gcc/arm-none-eabi/4.8.4/../../../../arm-none-eabi/lib/armv6-m/crt0.o
LOAD ./utilities/fsl_debug_console.o
LOAD ./utilities/fsl_notifier.o
LOAD ./utilities/fsl_sbrk.o
LOAD ./utilities/fsl_shell.o
LOAD ./startup/startup_MKL25Z4.o
LOAD ./source/GPIO.o
LOAD ./source/Homework_4.o
LOAD ./source/circbuf.o
LOAD ./source/conversion.o
LOAD ./source/main.o
LOAD ./source/project2.o
LOAD ./source/project3.o
LOAD ./source/uart.o
LOAD ./drivers/fsl_adc16.o
LOAD ./drivers/fsl_clock.o
LOAD ./drivers/fsl_cmp.o
LOAD ./drivers/fsl_common.o
LOAD ./drivers/fsl_cop.o
LOAD ./drivers/fsl_dac.o
LOAD ./drivers/fsl_dma.o
LOAD ./drivers/fsl_dmamux.o
LOAD ./drivers/fsl_flash.o
LOAD ./drivers/fsl_gpio.o
LOAD ./drivers/fsl_i2c.o
LOAD ./drivers/fsl_i2c_dma.o
LOAD ./drivers/fsl_llwu.o
LOAD ./drivers/fsl_lpsci.o
LOAD ./drivers/fsl_lpsci_dma.o
LOAD ./drivers/fsl_lptmr.o
LOAD ./drivers/fsl_pit.o
LOAD ./drivers/fsl_pmc.o
LOAD ./drivers/fsl_rcm.o
LOAD ./drivers/fsl_rtc.o
LOAD ./drivers/fsl_sim.o
LOAD ./drivers/fsl_smc.o
LOAD ./drivers/fsl_spi.o
LOAD ./drivers/fsl_spi_dma.o
LOAD ./drivers/fsl_tpm.o
LOAD ./drivers/fsl_tsi_v4.o
LOAD ./drivers/fsl_uart.o
LOAD ./drivers/fsl_uart_dma.o
LOAD ./board/board.o
LOAD ./board/clock_config.o
LOAD ./board/pin_mux.o
LOAD ./CMSIS/system_MKL25Z4.o
LOAD /Applications/KDS_v3.app/Contents/toolchain/bin/../lib/gcc/arm-none-eabi/4.8.4/../../../../arm-none-eabi/lib/armv6-m/libstdc++_s.a
LOAD /Applications/KDS_v3.app/Contents/toolchain/bin/../lib/gcc/arm-none-eabi/4.8.4/../../../../arm-none-eabi/lib/armv6-m/libm.a
START GROUP
LOAD /Applications/KDS_v3.app/Contents/toolchain/bin/../lib/gcc/arm-none-eabi/4.8.4/armv6-m/libgcc.a
LOAD /Applications/KDS_v3.app/Contents/toolchain/bin/../lib/gcc/arm-none-eabi/4.8.4/../../../../arm-none-eabi/lib/armv6-m/libg_s.a
LOAD /Applications/KDS_v3.app/Contents/toolchain/bin/../lib/gcc/arm-none-eabi/4.8.4/../../../../arm-none-eabi/lib/armv6-m/libc_s.a
END GROUP
START GROUP
LOAD /Applications/KDS_v3.app/Contents/toolchain/bin/../lib/gcc/arm-none-eabi/4.8.4/armv6-m/libgcc.a
LOAD /Applications/KDS_v3.app/Contents/toolchain/bin/../lib/gcc/arm-none-eabi/4.8.4/../../../../arm-none-eabi/lib/armv6-m/libc_s.a
LOAD /Applications/KDS_v3.app/Contents/toolchain/bin/../lib/gcc/arm-none-eabi/4.8.4/../../../../arm-none-eabi/lib/armv6-m/libnosys.a
END GROUP
START GROUP
LOAD /Applications/KDS_v3.app/Contents/toolchain/bin/../lib/gcc/arm-none-eabi/4.8.4/armv6-m/libgcc.a
LOAD /Applications/KDS_v3.app/Contents/toolchain/bin/../lib/gcc/arm-none-eabi/4.8.4/../../../../arm-none-eabi/lib/armv6-m/libc_s.a
LOAD /Applications/KDS_v3.app/Contents/toolchain/bin/../lib/gcc/arm-none-eabi/4.8.4/../../../../arm-none-eabi/lib/armv6-m/libnosys.a
END GROUP
LOAD /Applications/KDS_v3.app/Contents/toolchain/bin/../lib/gcc/arm-none-eabi/4.8.4/armv6-m/crtend.o
LOAD /Applications/KDS_v3.app/Contents/toolchain/bin/../lib/gcc/arm-none-eabi/4.8.4/armv6-m/crtn.o
                0x0000000000000400                HEAP_SIZE = DEFINED (__heap_size__)?__heap_size__:0x400
                0x0000000000000400                STACK_SIZE = DEFINED (__stack_size__)?__stack_size__:0x400
                0x0000000000000000                M_VECTOR_RAM_SIZE = DEFINED (__ram_vector_table__)?0x200:0x0

.interrupts     0x0000000000000000       0xc0
                0x0000000000000000                __VECTOR_TABLE = .
                0x0000000000000000                . = ALIGN (0x4)
 *(.isr_vector)
 .isr_vector    0x0000000000000000       0xc0 ./startup/startup_MKL25Z4.o
                0x0000000000000000                __isr_vector
                0x00000000000000c0                . = ALIGN (0x4)

.flash_config   0x0000000000000400       0x10
                0x0000000000000400                . = ALIGN (0x4)
 *(.FlashConfig)
 .FlashConfig   0x0000000000000400       0x10 ./startup/startup_MKL25Z4.o
                0x0000000000000410                . = ALIGN (0x4)

.text           0x0000000000000410     0x2888
                0x0000000000000410                . = ALIGN (0x4)
 *(.text)
 .text          0x0000000000000410       0x60 /Applications/KDS_v3.app/Contents/toolchain/bin/../lib/gcc/arm-none-eabi/4.8.4/armv6-m/crtbegin.o
 .text          0x0000000000000470       0x78 /Applications/KDS_v3.app/Contents/toolchain/bin/../lib/gcc/arm-none-eabi/4.8.4/../../../../arm-none-eabi/lib/armv6-m/crt0.o
                0x0000000000000470                _mainCRTStartup
                0x0000000000000470                _start
 .text          0x00000000000004e8       0xd0 ./startup/startup_MKL25Z4.o
                0x00000000000004e8                Reset_Handler
                0x0000000000000530                DAC0_IRQHandler
                0x0000000000000530                MCG_IRQHandler
                0x0000000000000530                TPM1_IRQHandler
                0x0000000000000530                Reserved20_IRQHandler
                0x0000000000000530                USB0_IRQHandler
                0x0000000000000530                PIT_IRQHandler
                0x0000000000000530                Reserved45_IRQHandler
                0x0000000000000530                CMP0_IRQHandler
                0x0000000000000530                LPTMR0_IRQHandler
                0x0000000000000530                FTFA_IRQHandler
                0x0000000000000530                TPM0_IRQHandler
                0x0000000000000530                LLWU_IRQHandler
                0x0000000000000530                TSI0_IRQHandler
                0x0000000000000530                ADC0_IRQHandler
                0x0000000000000530                Reserved39_IRQHandler
                0x0000000000000530                LVD_LVW_IRQHandler
                0x0000000000000530                DefaultISR
                0x0000000000000530                PORTD_IRQHandler
                0x0000000000000530                TPM2_IRQHandler
                0x0000000000000530                RTC_IRQHandler
                0x0000000000000530                RTC_Seconds_IRQHandler
                0x0000000000000534                NMI_Handler
                0x0000000000000538                HardFault_Handler
                0x000000000000053c                SVC_Handler
                0x0000000000000540                PendSV_Handler
                0x0000000000000544                SysTick_Handler
                0x0000000000000548                DMA0_IRQHandler
                0x000000000000054c                DMA1_IRQHandler
                0x0000000000000550                DMA2_IRQHandler
                0x0000000000000554                DMA3_IRQHandler
                0x0000000000000558                I2C0_IRQHandler
                0x000000000000055c                I2C1_IRQHandler
                0x0000000000000560                SPI0_IRQHandler
                0x0000000000000564                SPI1_IRQHandler
                0x000000000000056c                UART1_IRQHandler
                0x0000000000000570                UART2_IRQHandler
 .text          0x00000000000005b8       0x9c /Applications/KDS_v3.app/Contents/toolchain/bin/../lib/gcc/arm-none-eabi/4.8.4/armv6-m/libgcc.a(_udivsi3.o)
                0x00000000000005b8                __udivsi3
                0x00000000000005b8                __aeabi_uidiv
                0x0000000000000640                __aeabi_uidivmod
 .text          0x0000000000000654       0xc0 /Applications/KDS_v3.app/Contents/toolchain/bin/../lib/gcc/arm-none-eabi/4.8.4/armv6-m/libgcc.a(_divsi3.o)
                0x0000000000000654                __aeabi_idiv
                0x0000000000000654                __divsi3
                0x0000000000000700                __aeabi_idivmod
 .text          0x0000000000000714        0x4 /Applications/KDS_v3.app/Contents/toolchain/bin/../lib/gcc/arm-none-eabi/4.8.4/armv6-m/libgcc.a(_dvmd_tls.o)
                0x0000000000000714                __aeabi_ldiv0
                0x0000000000000714                __aeabi_idiv0
 *(.text*)
 .text.UART_EnableTx
                0x0000000000000718       0x40 ./utilities/fsl_debug_console.o
 .text.UART_EnableRx
                0x0000000000000758       0x40 ./utilities/fsl_debug_console.o
 .text.LPSCI_EnableTx
                0x0000000000000798       0x40 ./utilities/fsl_debug_console.o
 .text.LPSCI_EnableRx
                0x00000000000007d8       0x40 ./utilities/fsl_debug_console.o
 .text.DbgConsole_Init
                0x0000000000000818       0xfc ./utilities/fsl_debug_console.o
                0x0000000000000818                DbgConsole_Init
 .text.DbgConsole_Printf
                0x0000000000000914       0x48 ./utilities/fsl_debug_console.o
                0x0000000000000914                DbgConsole_Printf
 .text.DbgConsole_Putchar
                0x000000000000095c       0x38 ./utilities/fsl_debug_console.o
                0x000000000000095c                DbgConsole_Putchar
 .text.DbgConsole_PrintfPaddingCharacter
                0x0000000000000994       0x48 ./utilities/fsl_debug_console.o
 .text.DbgConsole_ConvertRadixNumToString
                0x00000000000009dc      0x118 ./utilities/fsl_debug_console.o
 .text.DbgConsole_PrintfFormattedData
                0x0000000000000af4      0x344 ./utilities/fsl_debug_console.o
 .text.Toggle_Red_LED
                0x0000000000000e38       0x1c ./source/GPIO.o
                0x0000000000000e38                Toggle_Red_LED
 .text.GPIO_nrf_init
                0x0000000000000e54       0x60 ./source/GPIO.o
                0x0000000000000e54                GPIO_nrf_init
 .text.PORTA_IRQHandler
                0x0000000000000eb4       0x18 ./source/Homework_4.o
                0x0000000000000eb4                PORTA_IRQHandler
 .text.CB_buffer_add_item
                0x0000000000000ecc       0x80 ./source/circbuf.o
                0x0000000000000ecc                CB_buffer_add_item
 .text.main     0x0000000000000f4c       0x10 ./source/main.o
                0x0000000000000f4c                main
 .text.project3
                0x0000000000000f5c       0x38 ./source/project3.o
                0x0000000000000f5c                project3
 .text.UART0_IRQHandler
                0x0000000000000f94       0x40 ./source/uart.o
                0x0000000000000f94                UART0_IRQHandler
 .text.CLOCK_SetEr32kClock
                0x0000000000000fd4       0x30 ./drivers/fsl_clock.o
 .text.CLOCK_SetPllFllSelClock
                0x0000000000001004       0x38 ./drivers/fsl_clock.o
 .text.OSC_SetExtRefClkConfig
                0x000000000000103c       0x48 ./drivers/fsl_clock.o
 .text.OSC_SetCapLoad
                0x0000000000001084       0x4c ./drivers/fsl_clock.o
 .text.CLOCK_GetMcgExtClkFreq
                0x00000000000010d0       0x34 ./drivers/fsl_clock.o
 .text.CLOCK_GetFllExtRefClkFreq
                0x0000000000001104       0xa4 ./drivers/fsl_clock.o
 .text.CLOCK_GetFllRefClkFreq
                0x00000000000011a8       0x30 ./drivers/fsl_clock.o
 .text.CLOCK_GetPll0RefFreq
                0x00000000000011d8       0x10 ./drivers/fsl_clock.o
 .text.CLOCK_GetOscRangeFromFreq
                0x00000000000011e8       0x4c ./drivers/fsl_clock.o
 .text.CLOCK_GetPllFllSelClkFreq
                0x0000000000001234       0x50 ./drivers/fsl_clock.o
                0x0000000000001234                CLOCK_GetPllFllSelClkFreq
 .text.CLOCK_SetSimConfig
                0x0000000000001284       0x34 ./drivers/fsl_clock.o
                0x0000000000001284                CLOCK_SetSimConfig
 .text.CLOCK_GetFllFreq
                0x00000000000012b8       0x7c ./drivers/fsl_clock.o
                0x00000000000012b8                CLOCK_GetFllFreq
 .text.CLOCK_GetPll0Freq
                0x0000000000001334       0x80 ./drivers/fsl_clock.o
                0x0000000000001334                CLOCK_GetPll0Freq
 .text.CLOCK_SetExternalRefClkConfig
                0x00000000000013b4       0x18 ./drivers/fsl_clock.o
                0x00000000000013b4                CLOCK_SetExternalRefClkConfig
 .text.CLOCK_SetInternalRefClkConfig
                0x00000000000013cc      0x120 ./drivers/fsl_clock.o
                0x00000000000013cc                CLOCK_SetInternalRefClkConfig
 .text.CLOCK_EnablePll0
                0x00000000000014ec       0xa4 ./drivers/fsl_clock.o
                0x00000000000014ec                CLOCK_EnablePll0
 .text.CLOCK_InitOsc0
                0x0000000000001590       0x98 ./drivers/fsl_clock.o
                0x0000000000001590                CLOCK_InitOsc0
 .text.CLOCK_SetPbeMode
                0x0000000000001628       0xc0 ./drivers/fsl_clock.o
                0x0000000000001628                CLOCK_SetPbeMode
 .text.CLOCK_BootToPeeMode
                0x00000000000016e8       0x80 ./drivers/fsl_clock.o
                0x00000000000016e8                CLOCK_BootToPeeMode
 .text.__assert_func
                0x0000000000001768       0x28 ./drivers/fsl_common.o
                0x0000000000001768                __assert_func
 .text.DMA_ClearChannelStatusFlags
                0x0000000000001790       0x60 ./drivers/fsl_dma.o
 .text.DMA_HandleIRQ
                0x00000000000017f0       0x60 ./drivers/fsl_dma.o
                0x00000000000017f0                DMA_HandleIRQ
 .text.DMA0_DriverIRQHandler
                0x0000000000001850       0x18 ./drivers/fsl_dma.o
                0x0000000000001850                DMA0_DriverIRQHandler
 .text.DMA1_DriverIRQHandler
                0x0000000000001868       0x18 ./drivers/fsl_dma.o
                0x0000000000001868                DMA1_DriverIRQHandler
 .text.DMA2_DriverIRQHandler
                0x0000000000001880       0x18 ./drivers/fsl_dma.o
                0x0000000000001880                DMA2_DriverIRQHandler
 .text.DMA3_DriverIRQHandler
                0x0000000000001898       0x18 ./drivers/fsl_dma.o
                0x0000000000001898                DMA3_DriverIRQHandler
 .text.I2C_TransferCommonIRQHandler
                0x00000000000018b0       0x58 ./drivers/fsl_i2c.o
 .text.I2C0_DriverIRQHandler
                0x0000000000001908       0x20 ./drivers/fsl_i2c.o
                0x0000000000001908                I2C0_DriverIRQHandler
 .text.I2C1_DriverIRQHandler
                0x0000000000001928       0x20 ./drivers/fsl_i2c.o
                0x0000000000001928                I2C1_DriverIRQHandler
 .text.CLOCK_EnableClock
                0x0000000000001948       0x34 ./drivers/fsl_lpsci.o
 .text.LPSCI_GetInstance
                0x000000000000197c       0x54 ./drivers/fsl_lpsci.o
                0x000000000000197c                LPSCI_GetInstance
 .text.LPSCI_Init
                0x00000000000019d0      0x280 ./drivers/fsl_lpsci.o
                0x00000000000019d0                LPSCI_Init
 .text.LPSCI_GetDefaultConfig
                0x0000000000001c50       0x50 ./drivers/fsl_lpsci.o
                0x0000000000001c50                LPSCI_GetDefaultConfig
 .text.LPSCI_GetStatusFlags
                0x0000000000001ca0       0x28 ./drivers/fsl_lpsci.o
                0x0000000000001ca0                LPSCI_GetStatusFlags
 .text.LPSCI_ClearStatusFlags
                0x0000000000001cc8       0x98 ./drivers/fsl_lpsci.o
                0x0000000000001cc8                LPSCI_ClearStatusFlags
 .text.LPSCI_WriteBlocking
                0x0000000000001d60       0x5c ./drivers/fsl_lpsci.o
                0x0000000000001d60                LPSCI_WriteBlocking
 .text.LPSCI_ReadBlocking
                0x0000000000001dbc       0xd4 ./drivers/fsl_lpsci.o
                0x0000000000001dbc                LPSCI_ReadBlocking
 .text.UART0_DriverIRQHandler
                0x0000000000001e90       0x24 ./drivers/fsl_lpsci.o
                0x0000000000001e90                UART0_DriverIRQHandler
 .text.SPI_CommonIRQHandler
                0x0000000000001eb4       0x54 ./drivers/fsl_spi.o
 .text.SPI0_DriverIRQHandler
                0x0000000000001f08       0x3c ./drivers/fsl_spi.o
                0x0000000000001f08                SPI0_DriverIRQHandler
 .text.SPI1_DriverIRQHandler
                0x0000000000001f44       0x3c ./drivers/fsl_spi.o
                0x0000000000001f44                SPI1_DriverIRQHandler
 .text.CLOCK_EnableClock
                0x0000000000001f80       0x34 ./drivers/fsl_uart.o
 .text.UART_GetInstance
                0x0000000000001fb4       0x60 ./drivers/fsl_uart.o
                0x0000000000001fb4                UART_GetInstance
 .text.UART_Init
                0x0000000000002014      0x210 ./drivers/fsl_uart.o
                0x0000000000002014                UART_Init
 .text.UART_GetDefaultConfig
                0x0000000000002224       0x50 ./drivers/fsl_uart.o
                0x0000000000002224                UART_GetDefaultConfig
 .text.UART_GetStatusFlags
                0x0000000000002274       0x28 ./drivers/fsl_uart.o
                0x0000000000002274                UART_GetStatusFlags
 .text.UART_WriteBlocking
                0x000000000000229c       0x3c ./drivers/fsl_uart.o
                0x000000000000229c                UART_WriteBlocking
 .text.UART_ReadBlocking
                0x00000000000022d8       0xac ./drivers/fsl_uart.o
                0x00000000000022d8                UART_ReadBlocking
 .text.UART1_DriverIRQHandler
                0x0000000000002384       0x24 ./drivers/fsl_uart.o
                0x0000000000002384                UART1_DriverIRQHandler
 .text.UART2_DriverIRQHandler
                0x00000000000023a8       0x24 ./drivers/fsl_uart.o
                0x00000000000023a8                UART2_DriverIRQHandler
 .text.CLOCK_SetLpsci0Clock
                0x00000000000023cc       0x38 ./board/board.o
 .text.BOARD_InitDebugConsole
                0x0000000000002404       0x30 ./board/board.o
                0x0000000000002404                BOARD_InitDebugConsole
 .text.CLOCK_SetSimSafeDivs
                0x0000000000002434       0x1c ./board/clock_config.o
 .text.CLOCK_SetXtal0Freq
                0x0000000000002450       0x18 ./board/clock_config.o
 .text.CLOCK_CONFIG_SetFllExtRefDiv
                0x0000000000002468       0x38 ./board/clock_config.o
 .text.BOARD_BootClockRUN
                0x00000000000024a0       0x68 ./board/clock_config.o
                0x00000000000024a0                BOARD_BootClockRUN
 .text.CLOCK_EnableClock
                0x0000000000002508       0x34 ./board/pin_mux.o
 .text.PORT_SetPinMux
                0x000000000000253c       0x3c ./board/pin_mux.o
 .text.BOARD_InitPins
                0x0000000000002578       0x4c ./board/pin_mux.o
                0x0000000000002578                BOARD_InitPins
 .text.SystemInit
                0x00000000000025c4       0x18 ./CMSIS/system_MKL25Z4.o
                0x00000000000025c4                SystemInit
 .text.exit     0x00000000000025dc       0x2c /Applications/KDS_v3.app/Contents/toolchain/bin/../lib/gcc/arm-none-eabi/4.8.4/../../../../arm-none-eabi/lib/armv6-m/libg_s.a(lib_a-exit.o)
                0x00000000000025dc                exit
 .text.__libc_init_array
                0x0000000000002608       0x4c /Applications/KDS_v3.app/Contents/toolchain/bin/../lib/gcc/arm-none-eabi/4.8.4/../../../../arm-none-eabi/lib/armv6-m/libg_s.a(lib_a-init.o)
                0x0000000000002608                __libc_init_array
 .text.memset   0x0000000000002654       0x10 /Applications/KDS_v3.app/Contents/toolchain/bin/../lib/gcc/arm-none-eabi/4.8.4/../../../../arm-none-eabi/lib/armv6-m/libg_s.a(lib_a-memset.o)
                0x0000000000002654                memset
 .text.strlen   0x0000000000002664        0xe /Applications/KDS_v3.app/Contents/toolchain/bin/../lib/gcc/arm-none-eabi/4.8.4/../../../../arm-none-eabi/lib/armv6-m/libg_s.a(lib_a-strlen.o)
                0x0000000000002664                strlen
 *fill*         0x0000000000002672        0x2 
 .text._exit    0x0000000000002674        0x4 /Applications/KDS_v3.app/Contents/toolchain/bin/../lib/gcc/arm-none-eabi/4.8.4/../../../../arm-none-eabi/lib/armv6-m/libnosys.a(_exit.o)
                0x0000000000002674                _exit
 *(.rodata)
 .rodata        0x0000000000002678       0x48 ./drivers/fsl_clock.o
 .rodata        0x00000000000026c0       0x40 ./drivers/fsl_common.o
 .rodata        0x0000000000002700      0x168 ./drivers/fsl_dma.o
 .rodata        0x0000000000002868       0xb4 ./drivers/fsl_lpsci.o
 .rodata        0x000000000000291c       0x9c ./drivers/fsl_spi.o
 .rodata        0x00000000000029b8       0xac ./drivers/fsl_uart.o
 *(.rodata*)
 .rodata.__func__.5654
                0x0000000000002a64       0x18 ./drivers/fsl_clock.o
 .rodata.fllFactorTable.5760
                0x0000000000002a7c       0x10 ./drivers/fsl_clock.o
 .rodata.__func__.5775
                0x0000000000002a8c       0x14 ./drivers/fsl_clock.o
 .rodata.__func__.5815
                0x0000000000002aa0       0x14 ./drivers/fsl_clock.o
 .rodata.__func__.5952
                0x0000000000002ab4       0x14 ./drivers/fsl_clock.o
 .rodata.__func__.6019
                0x0000000000002ac8       0x14 ./drivers/fsl_clock.o
 .rodata.__func__.5919
                0x0000000000002adc       0x10 ./drivers/fsl_dma.o
 .rodata.__func__.5787
                0x0000000000002aec       0x1c ./drivers/fsl_dma.o
 .rodata.__func__.5835
                0x0000000000002b08       0x14 ./drivers/fsl_lpsci.o
 .rodata.__func__.5871
                0x0000000000002b1c        0xc ./drivers/fsl_lpsci.o
 .rodata.__func__.5892
                0x0000000000002b28       0x18 ./drivers/fsl_lpsci.o
 .rodata.__func__.5937
                0x0000000000002b40       0x14 ./drivers/fsl_lpsci.o
 .rodata.__func__.5949
                0x0000000000002b54       0x14 ./drivers/fsl_lpsci.o
 .rodata.__func__.6026
                0x0000000000002b68       0x18 ./drivers/fsl_spi.o
 .rodata.__func__.6030
                0x0000000000002b80       0x18 ./drivers/fsl_spi.o
 .rodata.s_uartBases
                0x0000000000002b98        0xc ./drivers/fsl_uart.o
 .rodata.s_uartClock
                0x0000000000002ba4        0xc ./drivers/fsl_uart.o
 .rodata.__func__.5838
                0x0000000000002bb0       0x14 ./drivers/fsl_uart.o
 .rodata.__func__.5854
                0x0000000000002bc4        0xc ./drivers/fsl_uart.o
 .rodata.__func__.5867
                0x0000000000002bd0       0x18 ./drivers/fsl_uart.o
 .rodata.__func__.5925
                0x0000000000002be8       0x14 ./drivers/fsl_uart.o
 .rodata.mcgConfig_BOARD_BootClockRUN
                0x0000000000002bfc        0xc ./board/clock_config.o
                0x0000000000002bfc                mcgConfig_BOARD_BootClockRUN
 .rodata.simConfig_BOARD_BootClockRUN
                0x0000000000002c08        0x8 ./board/clock_config.o
                0x0000000000002c08                simConfig_BOARD_BootClockRUN
 .rodata.oscConfig_BOARD_BootClockRUN
                0x0000000000002c10        0x8 ./board/clock_config.o
                0x0000000000002c10                oscConfig_BOARD_BootClockRUN
 .rodata.str1.1
                0x0000000000002c18        0x2 /Applications/KDS_v3.app/Contents/toolchain/bin/../lib/gcc/arm-none-eabi/4.8.4/../../../../arm-none-eabi/lib/armv6-m/libg_s.a(lib_a-impure.o)
 *fill*         0x0000000000002c1a        0x2 
 .rodata._global_impure_ptr
                0x0000000000002c1c        0x4 /Applications/KDS_v3.app/Contents/toolchain/bin/../lib/gcc/arm-none-eabi/4.8.4/../../../../arm-none-eabi/lib/armv6-m/libg_s.a(lib_a-impure.o)
                0x0000000000002c1c                _global_impure_ptr
 .rodata.__sf_fake_stdin
                0x0000000000002c20       0x20 /Applications/KDS_v3.app/Contents/toolchain/bin/../lib/gcc/arm-none-eabi/4.8.4/../../../../arm-none-eabi/lib/armv6-m/libg_s.a(lib_a-findfp.o)
                0x0000000000002c20                __sf_fake_stdin
 .rodata.__sf_fake_stdout
                0x0000000000002c40       0x20 /Applications/KDS_v3.app/Contents/toolchain/bin/../lib/gcc/arm-none-eabi/4.8.4/../../../../arm-none-eabi/lib/armv6-m/libg_s.a(lib_a-findfp.o)
                0x0000000000002c40                __sf_fake_stdout
 .rodata.__sf_fake_stderr
                0x0000000000002c60       0x20 /Applications/KDS_v3.app/Contents/toolchain/bin/../lib/gcc/arm-none-eabi/4.8.4/../../../../arm-none-eabi/lib/armv6-m/libg_s.a(lib_a-findfp.o)
                0x0000000000002c60                __sf_fake_stderr
 *(.glue_7)
 .glue_7        0x0000000000000000        0x0 linker stubs
 *(.glue_7t)
 .glue_7t       0x0000000000000000        0x0 linker stubs
 *(.eh_frame)
 .eh_frame      0x0000000000002c80        0x0 /Applications/KDS_v3.app/Contents/toolchain/bin/../lib/gcc/arm-none-eabi/4.8.4/armv6-m/crtbegin.o
 *(.init)
 .init          0x0000000000002c80        0x4 /Applications/KDS_v3.app/Contents/toolchain/bin/../lib/gcc/arm-none-eabi/4.8.4/armv6-m/crti.o
                0x0000000000002c80                _init
 .init          0x0000000000002c84        0x8 /Applications/KDS_v3.app/Contents/toolchain/bin/../lib/gcc/arm-none-eabi/4.8.4/armv6-m/crtn.o
 *(.fini)
 .fini          0x0000000000002c8c        0x4 /Applications/KDS_v3.app/Contents/toolchain/bin/../lib/gcc/arm-none-eabi/4.8.4/armv6-m/crti.o
                0x0000000000002c8c                _fini
 .fini          0x0000000000002c90        0x8 /Applications/KDS_v3.app/Contents/toolchain/bin/../lib/gcc/arm-none-eabi/4.8.4/armv6-m/crtn.o
                0x0000000000002c98                . = ALIGN (0x4)

.vfp11_veneer   0x0000000000002c98        0x0
 .vfp11_veneer  0x0000000000000000        0x0 linker stubs

.v4_bx          0x0000000000002c98        0x0
 .v4_bx         0x0000000000000000        0x0 linker stubs

.iplt           0x0000000000002c98        0x0
 .iplt          0x0000000000000000        0x0 /Applications/KDS_v3.app/Contents/toolchain/bin/../lib/gcc/arm-none-eabi/4.8.4/armv6-m/crtbegin.o

.ARM.extab
 *(.ARM.extab* .gnu.linkonce.armextab.*)

.ARM            0x0000000000002c98        0x8
                0x0000000000002c98                __exidx_start = .
 *(.ARM.exidx*)
 .ARM.exidx     0x0000000000002c98        0x8 /Applications/KDS_v3.app/Contents/toolchain/bin/../lib/gcc/arm-none-eabi/4.8.4/../../../../arm-none-eabi/lib/armv6-m/crt0.o
                0x0000000000002ca0                __exidx_end = .

.rel.dyn        0x0000000000002ca0        0x0
 .rel.iplt      0x0000000000000000        0x0 /Applications/KDS_v3.app/Contents/toolchain/bin/../lib/gcc/arm-none-eabi/4.8.4/armv6-m/crtbegin.o

.ctors          0x0000000000002ca0        0x0
                0x0000000000002ca0                __CTOR_LIST__ = .
 *crtbegin.o(.ctors)
 *crtbegin?.o(.ctors)
 *(EXCLUDE_FILE(*crtend.o *crtend?.o) .ctors)
 *(SORT(.ctors.*))
 *(.ctors)
                0x0000000000002ca0                __CTOR_END__ = .

.dtors          0x0000000000002ca0        0x0
                0x0000000000002ca0                __DTOR_LIST__ = .
 *crtbegin.o(.dtors)
 *crtbegin?.o(.dtors)
 *(EXCLUDE_FILE(*crtend.o *crtend?.o) .dtors)
 *(SORT(.dtors.*))
 *(.dtors)
                0x0000000000002ca0                __DTOR_END__ = .

.preinit_array  0x0000000000002ca0        0x0
                0x0000000000002ca0                PROVIDE (__preinit_array_start, .)
 *(.preinit_array*)
                0x0000000000002ca0                PROVIDE (__preinit_array_end, .)

.init_array     0x0000000000002ca0        0x4
                0x0000000000002ca0                PROVIDE (__init_array_start, .)
 *(SORT(.init_array.*))
 *(.init_array*)
 .init_array    0x0000000000002ca0        0x4 /Applications/KDS_v3.app/Contents/toolchain/bin/../lib/gcc/arm-none-eabi/4.8.4/armv6-m/crtbegin.o
                0x0000000000002ca4                PROVIDE (__init_array_end, .)

.fini_array     0x0000000000002ca4        0x4
                0x0000000000002ca4                PROVIDE (__fini_array_start, .)
 *(SORT(.fini_array.*))
 *(.fini_array*)
 .fini_array    0x0000000000002ca4        0x4 /Applications/KDS_v3.app/Contents/toolchain/bin/../lib/gcc/arm-none-eabi/4.8.4/armv6-m/crtbegin.o
                0x0000000000002ca8                PROVIDE (__fini_array_end, .)
                0x0000000000002ca8                __etext = .
                0x0000000000002ca8                __DATA_ROM = .

.mtb            0x000000001ffff000        0x0
                0x000000001ffff000                . = ALIGN (0x8)
                0x000000001ffff000                _mtb_start = .
 *(.mtb_buf)
                0x000000001ffff000                . = ALIGN (0x8)
                0x000000001ffff000                _mtb_end = .

.interrupts_ram
                0x000000001ffff000        0x0
                0x000000001ffff000                . = ALIGN (0x4)
                0x000000001ffff000                __VECTOR_RAM__ = .
                0x000000001ffff000                __interrupts_ram_start__ = .
 *(.m_interrupts_ram)
                0x000000001ffff000                . = (. + M_VECTOR_RAM_SIZE)
                0x000000001ffff000                . = ALIGN (0x4)
                0x000000001ffff000                __interrupts_ram_end__ = .
                0x0000000000000000                __VECTOR_RAM = DEFINED (__ram_vector_table__)?__VECTOR_RAM__:ORIGIN (m_interrupts)
                0x0000000000000000                __RAM_VECTOR_TABLE_SIZE_BYTES = DEFINED (__ram_vector_table__)?(__interrupts_ram_end__ - __interrupts_ram_start__):0x0

.data           0x000000001ffff000       0x6c load address 0x0000000000002ca8
                0x000000001ffff000                . = ALIGN (0x4)
                0x000000001ffff000                __DATA_RAM = .
                0x000000001ffff000                __data_start__ = .
 *(.data)
 *(.data*)
 .data.s_slowIrcFreq
                0x000000001ffff000        0x4 ./drivers/fsl_clock.o
 .data.SystemCoreClock
                0x000000001ffff004        0x4 ./CMSIS/system_MKL25Z4.o
                0x000000001ffff004                SystemCoreClock
 .data.impure_data
                0x000000001ffff008       0x60 /Applications/KDS_v3.app/Contents/toolchain/bin/../lib/gcc/arm-none-eabi/4.8.4/../../../../arm-none-eabi/lib/armv6-m/libg_s.a(lib_a-impure.o)
 *(.jcr*)
 .jcr           0x000000001ffff068        0x0 /Applications/KDS_v3.app/Contents/toolchain/bin/../lib/gcc/arm-none-eabi/4.8.4/armv6-m/crtbegin.o
 .jcr           0x000000001ffff068        0x4 /Applications/KDS_v3.app/Contents/toolchain/bin/../lib/gcc/arm-none-eabi/4.8.4/armv6-m/crtend.o
                0x000000001ffff06c                . = ALIGN (0x4)
                0x000000001ffff06c                __data_end__ = .
                0x0000000000002d14                __DATA_END = (__DATA_ROM + (__data_end__ - __data_start__))
                0x0000000000020000                text_end = (ORIGIN (m_text) + 0x1fbf0)
                0x0000000000000001                ASSERT ((__DATA_END <= text_end), region m_text overflowed with text and data)

.igot.plt       0x000000001ffff06c        0x0 load address 0x0000000000002d14
 .igot.plt      0x0000000000000000        0x0 /Applications/KDS_v3.app/Contents/toolchain/bin/../lib/gcc/arm-none-eabi/4.8.4/armv6-m/crtbegin.o

.bss            0x000000001ffff06c       0x94 load address 0x0000000000002d14
                0x000000001ffff06c                . = ALIGN (0x4)
                0x000000001ffff06c                __START_BSS = .
                0x000000001ffff06c                __bss_start__ = .
 *(.bss)
 .bss           0x000000001ffff06c       0x1c /Applications/KDS_v3.app/Contents/toolchain/bin/../lib/gcc/arm-none-eabi/4.8.4/armv6-m/crtbegin.o
 *(.bss*)
 .bss.s_debugConsole
                0x000000001ffff088       0x10 ./utilities/fsl_debug_console.o
 .bss.s_DMAHandle
                0x000000001ffff098       0x10 ./drivers/fsl_dma.o
 .bss.s_i2cHandle
                0x000000001ffff0a8        0x8 ./drivers/fsl_i2c.o
 .bss.s_i2cMasterIsr
                0x000000001ffff0b0        0x4 ./drivers/fsl_i2c.o
 .bss.s_i2cSlaveIsr
                0x000000001ffff0b4        0x4 ./drivers/fsl_i2c.o
 .bss.s_lpsciHandle
                0x000000001ffff0b8        0x4 ./drivers/fsl_lpsci.o
 .bss.s_lpsciIsr
                0x000000001ffff0bc        0x4 ./drivers/fsl_lpsci.o
 .bss.s_spiHandle
                0x000000001ffff0c0        0x8 ./drivers/fsl_spi.o
 .bss.s_spiMasterIsr
                0x000000001ffff0c8        0x4 ./drivers/fsl_spi.o
 .bss.s_spiSlaveIsr
                0x000000001ffff0cc        0x4 ./drivers/fsl_spi.o
 .bss.s_uartHandle
                0x000000001ffff0d0        0xc ./drivers/fsl_uart.o
 .bss.s_uartIsr
                0x000000001ffff0dc        0x4 ./drivers/fsl_uart.o
 *(COMMON)
 COMMON         0x000000001ffff0e0        0x4 ./source/Homework_4.o
                0x000000001ffff0e0                end
 COMMON         0x000000001ffff0e4       0x14 ./source/project2.o
                0x000000001ffff0e4                CB
 COMMON         0x000000001ffff0f8        0x8 ./drivers/fsl_clock.o
                0x000000001ffff0f8                g_xtal32Freq
                0x000000001ffff0fc                g_xtal0Freq
                0x000000001ffff100                . = ALIGN (0x4)
                0x000000001ffff100                __bss_end__ = .
                0x000000001ffff100                __END_BSS = .

.heap           0x000000001ffff100      0x400 load address 0x0000000000002da8
                0x000000001ffff100                . = ALIGN (0x8)
                0x000000001ffff100                __end__ = .
                0x000000001ffff100                PROVIDE (end, .)
                0x000000001ffff100                __HeapBase = .
                0x000000001ffff500                . = (. + HEAP_SIZE)
 *fill*         0x000000001ffff100      0x400 
                0x000000001ffff500                __HeapLimit = .
                0x000000001ffff500                __heap_limit = .

.stack          0x000000001ffff500      0x400 load address 0x00000000000031a8
                0x000000001ffff500                . = ALIGN (0x8)
                0x000000001ffff900                . = (. + STACK_SIZE)
 *fill*         0x000000001ffff500      0x400 
                0x0000000020003000                __StackTop = (ORIGIN (m_data) + 0x4000)
                0x0000000020002c00                __StackLimit = (__StackTop - STACK_SIZE)
                0x0000000020003000                PROVIDE (__stack, __StackTop)

.ARM.attributes
                0x0000000000000000       0x28
 *(.ARM.attributes)
 .ARM.attributes
                0x0000000000000000       0x1e /Applications/KDS_v3.app/Contents/toolchain/bin/../lib/gcc/arm-none-eabi/4.8.4/armv6-m/crti.o
 .ARM.attributes
                0x000000000000001e       0x2c /Applications/KDS_v3.app/Contents/toolchain/bin/../lib/gcc/arm-none-eabi/4.8.4/armv6-m/crtbegin.o
 .ARM.attributes
                0x000000000000004a       0x1b /Applications/KDS_v3.app/Contents/toolchain/bin/../lib/gcc/arm-none-eabi/4.8.4/../../../../arm-none-eabi/lib/armv6-m/crt0.o
 .ARM.attributes
                0x0000000000000065       0x32 ./utilities/fsl_debug_console.o
 .ARM.attributes
                0x0000000000000097       0x1b ./startup/startup_MKL25Z4.o
 .ARM.attributes
                0x00000000000000b2       0x32 ./source/GPIO.o
 .ARM.attributes
                0x00000000000000e4       0x32 ./source/Homework_4.o
 .ARM.attributes
                0x0000000000000116       0x32 ./source/circbuf.o
 .ARM.attributes
                0x0000000000000148       0x32 ./source/main.o
 .ARM.attributes
                0x000000000000017a       0x32 ./source/project2.o
 .ARM.attributes
                0x00000000000001ac       0x32 ./source/project3.o
 .ARM.attributes
                0x00000000000001de       0x32 ./source/uart.o
 .ARM.attributes
                0x0000000000000210       0x32 ./drivers/fsl_clock.o
 .ARM.attributes
                0x0000000000000242       0x32 ./drivers/fsl_common.o
 .ARM.attributes
                0x0000000000000274       0x32 ./drivers/fsl_dma.o
 .ARM.attributes
                0x00000000000002a6       0x32 ./drivers/fsl_i2c.o
 .ARM.attributes
                0x00000000000002d8       0x32 ./drivers/fsl_lpsci.o
 .ARM.attributes
                0x000000000000030a       0x32 ./drivers/fsl_spi.o
 .ARM.attributes
                0x000000000000033c       0x32 ./drivers/fsl_uart.o
 .ARM.attributes
                0x000000000000036e       0x32 ./board/board.o
 .ARM.attributes
                0x00000000000003a0       0x32 ./board/clock_config.o
 .ARM.attributes
                0x00000000000003d2       0x32 ./board/pin_mux.o
 .ARM.attributes
                0x0000000000000404       0x32 ./CMSIS/system_MKL25Z4.o
 .ARM.attributes
                0x0000000000000436       0x1e /Applications/KDS_v3.app/Contents/toolchain/bin/../lib/gcc/arm-none-eabi/4.8.4/armv6-m/libgcc.a(_udivsi3.o)
 .ARM.attributes
                0x0000000000000454       0x1e /Applications/KDS_v3.app/Contents/toolchain/bin/../lib/gcc/arm-none-eabi/4.8.4/armv6-m/libgcc.a(_divsi3.o)
 .ARM.attributes
                0x0000000000000472       0x1e /Applications/KDS_v3.app/Contents/toolchain/bin/../lib/gcc/arm-none-eabi/4.8.4/armv6-m/libgcc.a(_dvmd_tls.o)
 .ARM.attributes
                0x0000000000000490       0x2c /Applications/KDS_v3.app/Contents/toolchain/bin/../lib/gcc/arm-none-eabi/4.8.4/../../../../arm-none-eabi/lib/armv6-m/libg_s.a(lib_a-exit.o)
 .ARM.attributes
                0x00000000000004bc       0x2c /Applications/KDS_v3.app/Contents/toolchain/bin/../lib/gcc/arm-none-eabi/4.8.4/../../../../arm-none-eabi/lib/armv6-m/libg_s.a(lib_a-impure.o)
 .ARM.attributes
                0x00000000000004e8       0x2c /Applications/KDS_v3.app/Contents/toolchain/bin/../lib/gcc/arm-none-eabi/4.8.4/../../../../arm-none-eabi/lib/armv6-m/libg_s.a(lib_a-init.o)
 .ARM.attributes
                0x0000000000000514       0x2c /Applications/KDS_v3.app/Contents/toolchain/bin/../lib/gcc/arm-none-eabi/4.8.4/../../../../arm-none-eabi/lib/armv6-m/libg_s.a(lib_a-memset.o)
 .ARM.attributes
                0x0000000000000540       0x2c /Applications/KDS_v3.app/Contents/toolchain/bin/../lib/gcc/arm-none-eabi/4.8.4/../../../../arm-none-eabi/lib/armv6-m/libg_s.a(lib_a-strlen.o)
 .ARM.attributes
                0x000000000000056c       0x2c /Applications/KDS_v3.app/Contents/toolchain/bin/../lib/gcc/arm-none-eabi/4.8.4/../../../../arm-none-eabi/lib/armv6-m/libg_s.a(lib_a-findfp.o)
 .ARM.attributes
                0x0000000000000598       0x2c /Applications/KDS_v3.app/Contents/toolchain/bin/../lib/gcc/arm-none-eabi/4.8.4/../../../../arm-none-eabi/lib/armv6-m/libnosys.a(_exit.o)
 .ARM.attributes
                0x00000000000005c4       0x2c /Applications/KDS_v3.app/Contents/toolchain/bin/../lib/gcc/arm-none-eabi/4.8.4/armv6-m/crtend.o
 .ARM.attributes
                0x00000000000005f0       0x1e /Applications/KDS_v3.app/Contents/toolchain/bin/../lib/gcc/arm-none-eabi/4.8.4/armv6-m/crtn.o
                0x0000000000000001                ASSERT ((__StackLimit >= __HeapLimit), region m_data overflowed with stack and heap)
OUTPUT(ECEN5813-Project3.elf elf32-littlearm)

.debug_info     0x0000000000000000     0xd23d
 .debug_info    0x0000000000000000      0xe48 ./utilities/fsl_debug_console.o
 .debug_info    0x0000000000000e48       0x7e ./startup/startup_MKL25Z4.o
 .debug_info    0x0000000000000ec6      0x477 ./source/GPIO.o
 .debug_info    0x000000000000133d      0x9f5 ./source/Homework_4.o
 .debug_info    0x0000000000001d32      0x37e ./source/circbuf.o
 .debug_info    0x00000000000020b0       0xd1 ./source/main.o
 .debug_info    0x0000000000002181      0x58c ./source/project2.o
 .debug_info    0x000000000000270d      0x32c ./source/project3.o
 .debug_info    0x0000000000002a39      0x7c1 ./source/uart.o
 .debug_info    0x00000000000031fa     0x19e0 ./drivers/fsl_clock.o
 .debug_info    0x0000000000004bda      0x43f ./drivers/fsl_common.o
 .debug_info    0x0000000000005019     0x103b ./drivers/fsl_dma.o
 .debug_info    0x0000000000006054     0x1b28 ./drivers/fsl_i2c.o
 .debug_info    0x0000000000007b7c     0x15c8 ./drivers/fsl_lpsci.o
 .debug_info    0x0000000000009144     0x14b1 ./drivers/fsl_spi.o
 .debug_info    0x000000000000a5f5     0x154e ./drivers/fsl_uart.o
 .debug_info    0x000000000000bb43      0x3a1 ./board/board.o
 .debug_info    0x000000000000bee4      0xa0d ./board/clock_config.o
 .debug_info    0x000000000000c8f1      0x562 ./board/pin_mux.o
 .debug_info    0x000000000000ce53      0x3ea ./CMSIS/system_MKL25Z4.o

.debug_abbrev   0x0000000000000000     0x2271
 .debug_abbrev  0x0000000000000000      0x254 ./utilities/fsl_debug_console.o
 .debug_abbrev  0x0000000000000254       0x14 ./startup/startup_MKL25Z4.o
 .debug_abbrev  0x0000000000000268       0xf6 ./source/GPIO.o
 .debug_abbrev  0x000000000000035e      0x19d ./source/Homework_4.o
 .debug_abbrev  0x00000000000004fb      0x151 ./source/circbuf.o
 .debug_abbrev  0x000000000000064c       0x7d ./source/main.o
 .debug_abbrev  0x00000000000006c9      0x15c ./source/project2.o
 .debug_abbrev  0x0000000000000825       0xf6 ./source/project3.o
 .debug_abbrev  0x000000000000091b      0x202 ./source/uart.o
 .debug_abbrev  0x0000000000000b1d      0x2e1 ./drivers/fsl_clock.o
 .debug_abbrev  0x0000000000000dfe      0x222 ./drivers/fsl_common.o
 .debug_abbrev  0x0000000000001020      0x269 ./drivers/fsl_dma.o
 .debug_abbrev  0x0000000000001289      0x2f7 ./drivers/fsl_i2c.o
 .debug_abbrev  0x0000000000001580      0x284 ./drivers/fsl_lpsci.o
 .debug_abbrev  0x0000000000001804      0x284 ./drivers/fsl_spi.o
 .debug_abbrev  0x0000000000001a88      0x29c ./drivers/fsl_uart.o
 .debug_abbrev  0x0000000000001d24      0x118 ./board/board.o
 .debug_abbrev  0x0000000000001e3c      0x1d7 ./board/clock_config.o
 .debug_abbrev  0x0000000000002013      0x155 ./board/pin_mux.o
 .debug_abbrev  0x0000000000002168      0x109 ./CMSIS/system_MKL25Z4.o

.debug_aranges  0x0000000000000000      0xb48
 .debug_aranges
                0x0000000000000000       0xa0 ./utilities/fsl_debug_console.o
 .debug_aranges
                0x00000000000000a0       0x20 ./startup/startup_MKL25Z4.o
 .debug_aranges
                0x00000000000000c0       0x60 ./source/GPIO.o
 .debug_aranges
                0x0000000000000120       0x58 ./source/Homework_4.o
 .debug_aranges
                0x0000000000000178       0x50 ./source/circbuf.o
 .debug_aranges
                0x00000000000001c8       0x20 ./source/main.o
 .debug_aranges
                0x00000000000001e8       0x40 ./source/project2.o
 .debug_aranges
                0x0000000000000228       0x20 ./source/project3.o
 .debug_aranges
                0x0000000000000248       0x50 ./source/uart.o
 .debug_aranges
                0x0000000000000298      0x1d8 ./drivers/fsl_clock.o
 .debug_aranges
                0x0000000000000470       0x38 ./drivers/fsl_common.o
 .debug_aranges
                0x00000000000004a8       0xd0 ./drivers/fsl_dma.o
 .debug_aranges
                0x0000000000000578      0x178 ./drivers/fsl_i2c.o
 .debug_aranges
                0x00000000000006f0      0x118 ./drivers/fsl_lpsci.o
 .debug_aranges
                0x0000000000000808      0x130 ./drivers/fsl_spi.o
 .debug_aranges
                0x0000000000000938      0x130 ./drivers/fsl_uart.o
 .debug_aranges
                0x0000000000000a68       0x28 ./board/board.o
 .debug_aranges
                0x0000000000000a90       0x58 ./board/clock_config.o
 .debug_aranges
                0x0000000000000ae8       0x38 ./board/pin_mux.o
 .debug_aranges
                0x0000000000000b20       0x28 ./CMSIS/system_MKL25Z4.o

.debug_ranges   0x0000000000000000      0x9f8
 .debug_ranges  0x0000000000000000       0x90 ./utilities/fsl_debug_console.o
 .debug_ranges  0x0000000000000090       0x50 ./source/GPIO.o
 .debug_ranges  0x00000000000000e0       0x48 ./source/Homework_4.o
 .debug_ranges  0x0000000000000128       0x40 ./source/circbuf.o
 .debug_ranges  0x0000000000000168       0x10 ./source/main.o
 .debug_ranges  0x0000000000000178       0x30 ./source/project2.o
 .debug_ranges  0x00000000000001a8       0x10 ./source/project3.o
 .debug_ranges  0x00000000000001b8       0x40 ./source/uart.o
 .debug_ranges  0x00000000000001f8      0x1c8 ./drivers/fsl_clock.o
 .debug_ranges  0x00000000000003c0       0x28 ./drivers/fsl_common.o
 .debug_ranges  0x00000000000003e8       0xc0 ./drivers/fsl_dma.o
 .debug_ranges  0x00000000000004a8      0x168 ./drivers/fsl_i2c.o
 .debug_ranges  0x0000000000000610      0x108 ./drivers/fsl_lpsci.o
 .debug_ranges  0x0000000000000718      0x120 ./drivers/fsl_spi.o
 .debug_ranges  0x0000000000000838      0x120 ./drivers/fsl_uart.o
 .debug_ranges  0x0000000000000958       0x18 ./board/board.o
 .debug_ranges  0x0000000000000970       0x48 ./board/clock_config.o
 .debug_ranges  0x00000000000009b8       0x28 ./board/pin_mux.o
 .debug_ranges  0x00000000000009e0       0x18 ./CMSIS/system_MKL25Z4.o

.debug_macro    0x0000000000000000     0xa225
 .debug_macro   0x0000000000000000      0x1ec ./utilities/fsl_debug_console.o
 .debug_macro   0x00000000000001ec      0x820 ./utilities/fsl_debug_console.o
 .debug_macro   0x0000000000000a0c       0x58 ./utilities/fsl_debug_console.o
 .debug_macro   0x0000000000000a64       0x58 ./utilities/fsl_debug_console.o
 .debug_macro   0x0000000000000abc       0x16 ./utilities/fsl_debug_console.o
 .debug_macro   0x0000000000000ad2       0x35 ./utilities/fsl_debug_console.o
 .debug_macro   0x0000000000000b07       0xa3 ./utilities/fsl_debug_console.o
 .debug_macro   0x0000000000000baa       0x16 ./utilities/fsl_debug_console.o
 .debug_macro   0x0000000000000bc0      0x10e ./utilities/fsl_debug_console.o
 .debug_macro   0x0000000000000cce       0x7f ./utilities/fsl_debug_console.o
 .debug_macro   0x0000000000000d4d       0x4a ./utilities/fsl_debug_console.o
 .debug_macro   0x0000000000000d97       0x52 ./utilities/fsl_debug_console.o
 .debug_macro   0x0000000000000de9       0x16 ./utilities/fsl_debug_console.o
 .debug_macro   0x0000000000000dff       0x43 ./utilities/fsl_debug_console.o
 .debug_macro   0x0000000000000e42      0x180 ./utilities/fsl_debug_console.o
 .debug_macro   0x0000000000000fc2       0x16 ./utilities/fsl_debug_console.o
 .debug_macro   0x0000000000000fd8       0x29 ./utilities/fsl_debug_console.o
 .debug_macro   0x0000000000001001      0x1e1 ./utilities/fsl_debug_console.o
 .debug_macro   0x00000000000011e2       0x16 ./utilities/fsl_debug_console.o
 .debug_macro   0x00000000000011f8       0x22 ./utilities/fsl_debug_console.o
 .debug_macro   0x000000000000121a      0x20f ./utilities/fsl_debug_console.o
 .debug_macro   0x0000000000001429      0x2a6 ./utilities/fsl_debug_console.o
 .debug_macro   0x00000000000016cf       0x10 ./utilities/fsl_debug_console.o
 .debug_macro   0x00000000000016df       0x35 ./utilities/fsl_debug_console.o
 .debug_macro   0x0000000000001714       0x1f ./utilities/fsl_debug_console.o
 .debug_macro   0x0000000000001733       0x10 ./utilities/fsl_debug_console.o
 .debug_macro   0x0000000000001743       0x3f ./utilities/fsl_debug_console.o
 .debug_macro   0x0000000000001782       0x3a ./utilities/fsl_debug_console.o
 .debug_macro   0x00000000000017bc       0x26 ./utilities/fsl_debug_console.o
 .debug_macro   0x00000000000017e2      0x329 ./utilities/fsl_debug_console.o
 .debug_macro   0x0000000000001b0b       0x30 ./utilities/fsl_debug_console.o
 .debug_macro   0x0000000000001b3b     0x51e2 ./utilities/fsl_debug_console.o
 .debug_macro   0x0000000000006d1d     0x1352 ./utilities/fsl_debug_console.o
 .debug_macro   0x000000000000806f       0x3a ./utilities/fsl_debug_console.o
 .debug_macro   0x00000000000080a9       0xf4 ./utilities/fsl_debug_console.o
 .debug_macro   0x000000000000819d       0x35 ./utilities/fsl_debug_console.o
 .debug_macro   0x00000000000081d2       0x3a ./utilities/fsl_debug_console.o
 .debug_macro   0x000000000000820c       0x10 ./utilities/fsl_debug_console.o
 .debug_macro   0x000000000000821c       0x10 ./utilities/fsl_debug_console.o
 .debug_macro   0x000000000000822c       0x97 ./source/GPIO.o
 .debug_macro   0x00000000000082c3       0x44 ./source/GPIO.o
 .debug_macro   0x0000000000008307       0x34 ./source/GPIO.o
 .debug_macro   0x000000000000833b       0x52 ./source/GPIO.o
 .debug_macro   0x000000000000838d      0x1df ./source/Homework_4.o
 .debug_macro   0x000000000000856c       0x16 ./source/Homework_4.o
 .debug_macro   0x0000000000008582       0x10 ./source/Homework_4.o
 .debug_macro   0x0000000000008592      0x112 ./source/Homework_4.o
 .debug_macro   0x00000000000086a4      0x142 ./source/circbuf.o
 .debug_macro   0x00000000000087e6       0x10 ./source/circbuf.o
 .debug_macro   0x00000000000087f6       0x10 ./source/circbuf.o
 .debug_macro   0x0000000000008806      0x21f ./source/main.o
 .debug_macro   0x0000000000008a25      0x26c ./source/project2.o
 .debug_macro   0x0000000000008c91       0x1c ./source/project2.o
 .debug_macro   0x0000000000008cad       0x16 ./source/project2.o
 .debug_macro   0x0000000000008cc3      0x276 ./source/project3.o
 .debug_macro   0x0000000000008f39      0x14b ./source/uart.o
 .debug_macro   0x0000000000009084      0x235 ./drivers/fsl_clock.o
 .debug_macro   0x00000000000092b9      0x18e ./drivers/fsl_common.o
 .debug_macro   0x0000000000009447      0x18b ./drivers/fsl_dma.o
 .debug_macro   0x00000000000095d2      0x18a ./drivers/fsl_i2c.o
 .debug_macro   0x000000000000975c       0x10 ./drivers/fsl_i2c.o
 .debug_macro   0x000000000000976c      0x18b ./drivers/fsl_lpsci.o
 .debug_macro   0x00000000000098f7      0x18a ./drivers/fsl_spi.o
 .debug_macro   0x0000000000009a81       0x10 ./drivers/fsl_spi.o
 .debug_macro   0x0000000000009a91      0x191 ./drivers/fsl_uart.o
 .debug_macro   0x0000000000009c22      0x1b1 ./board/board.o
 .debug_macro   0x0000000000009dd3       0x40 ./board/board.o
 .debug_macro   0x0000000000009e13      0x1c2 ./board/clock_config.o
 .debug_macro   0x0000000000009fd5      0x1a6 ./board/pin_mux.o
 .debug_macro   0x000000000000a17b       0x10 ./board/pin_mux.o
 .debug_macro   0x000000000000a18b       0x9a ./CMSIS/system_MKL25Z4.o

.debug_line     0x0000000000000000     0x6c8f
 .debug_line    0x0000000000000000      0x830 ./utilities/fsl_debug_console.o
 .debug_line    0x0000000000000830       0xc9 ./startup/startup_MKL25Z4.o
 .debug_line    0x00000000000008f9      0x2aa ./source/GPIO.o
 .debug_line    0x0000000000000ba3      0x48d ./source/Homework_4.o
 .debug_line    0x0000000000001030      0x39a ./source/circbuf.o
 .debug_line    0x00000000000013ca      0x400 ./source/main.o
 .debug_line    0x00000000000017ca      0x545 ./source/project2.o
 .debug_line    0x0000000000001d0f      0x46f ./source/project3.o
 .debug_line    0x000000000000217e      0x374 ./source/uart.o
 .debug_line    0x00000000000024f2      0xacb ./drivers/fsl_clock.o
 .debug_line    0x0000000000002fbd      0x403 ./drivers/fsl_common.o
 .debug_line    0x00000000000033c0      0x62f ./drivers/fsl_dma.o
 .debug_line    0x00000000000039ef      0xb0f ./drivers/fsl_i2c.o
 .debug_line    0x00000000000044fe      0x8a3 ./drivers/fsl_lpsci.o
 .debug_line    0x0000000000004da1      0x7f3 ./drivers/fsl_spi.o
 .debug_line    0x0000000000005594      0x8b3 ./drivers/fsl_uart.o
 .debug_line    0x0000000000005e47      0x3c9 ./board/board.o
 .debug_line    0x0000000000006210      0x42a ./board/clock_config.o
 .debug_line    0x000000000000663a      0x3c5 ./board/pin_mux.o
 .debug_line    0x00000000000069ff      0x290 ./CMSIS/system_MKL25Z4.o

.debug_str      0x0000000000000000    0x392fc
 .debug_str     0x0000000000000000    0x327ec ./utilities/fsl_debug_console.o
                                      0x32c60 (size before relaxing)
 .debug_str     0x00000000000327ec      0x37c ./source/GPIO.o
                                      0x27a25 (size before relaxing)
 .debug_str     0x0000000000032b68      0xd32 ./source/Homework_4.o
                                      0x32825 (size before relaxing)
 .debug_str     0x000000000003389a      0x177 ./source/circbuf.o
                                      0x28ebd (size before relaxing)
 .debug_str     0x0000000000033a11       0x36 ./source/main.o
                                      0x32070 (size before relaxing)
 .debug_str     0x0000000000033a47      0xcce ./source/project2.o
                                      0x33240 (size before relaxing)
 .debug_str     0x0000000000034715       0x29 ./source/project3.o
                                      0x330be (size before relaxing)
 .debug_str     0x000000000003473e       0x7e ./source/uart.o
                                      0x291ee (size before relaxing)
 .debug_str     0x00000000000347bc     0x176b ./drivers/fsl_clock.o
                                      0x33146 (size before relaxing)
 .debug_str     0x0000000000035f27      0x10a ./drivers/fsl_common.o
                                      0x3173a (size before relaxing)
 .debug_str     0x0000000000036031      0x787 ./drivers/fsl_dma.o
                                      0x32409 (size before relaxing)
 .debug_str     0x00000000000367b8      0xc0f ./drivers/fsl_i2c.o
                                      0x32920 (size before relaxing)
 .debug_str     0x00000000000373c7      0x915 ./drivers/fsl_lpsci.o
                                      0x3274e (size before relaxing)
 .debug_str     0x0000000000037cdc      0x7b1 ./drivers/fsl_spi.o
                                      0x32510 (size before relaxing)
 .debug_str     0x000000000003848d      0x832 ./drivers/fsl_uart.o
                                      0x32771 (size before relaxing)
 .debug_str     0x0000000000038cbf       0x4c ./board/board.o
                                      0x31f33 (size before relaxing)
 .debug_str     0x0000000000038d0b      0x3c1 ./board/clock_config.o
                                      0x32066 (size before relaxing)
 .debug_str     0x00000000000390cc      0x1e1 ./board/pin_mux.o
                                      0x317b9 (size before relaxing)
 .debug_str     0x00000000000392ad       0x4f ./CMSIS/system_MKL25Z4.o
                                      0x2e5d1 (size before relaxing)

.comment        0x0000000000000000       0x70
 .comment       0x0000000000000000       0x70 ./utilities/fsl_debug_console.o
                                         0x71 (size before relaxing)
 .comment       0x0000000000000000       0x71 ./source/GPIO.o
 .comment       0x0000000000000000       0x71 ./source/Homework_4.o
 .comment       0x0000000000000000       0x71 ./source/circbuf.o
 .comment       0x0000000000000000       0x71 ./source/main.o
 .comment       0x0000000000000000       0x71 ./source/project2.o
 .comment       0x0000000000000000       0x71 ./source/project3.o
 .comment       0x0000000000000000       0x71 ./source/uart.o
 .comment       0x0000000000000000       0x71 ./drivers/fsl_clock.o
 .comment       0x0000000000000000       0x71 ./drivers/fsl_common.o
 .comment       0x0000000000000000       0x71 ./drivers/fsl_dma.o
 .comment       0x0000000000000000       0x71 ./drivers/fsl_i2c.o
 .comment       0x0000000000000000       0x71 ./drivers/fsl_lpsci.o
 .comment       0x0000000000000000       0x71 ./drivers/fsl_spi.o
 .comment       0x0000000000000000       0x71 ./drivers/fsl_uart.o
 .comment       0x0000000000000000       0x71 ./board/board.o
 .comment       0x0000000000000000       0x71 ./board/clock_config.o
 .comment       0x0000000000000000       0x71 ./board/pin_mux.o
 .comment       0x0000000000000000       0x71 ./CMSIS/system_MKL25Z4.o

.debug_frame    0x0000000000000000     0x2844
 .debug_frame   0x0000000000000000      0x22c ./utilities/fsl_debug_console.o
 .debug_frame   0x000000000000022c      0x124 ./source/GPIO.o
 .debug_frame   0x0000000000000350      0x10c ./source/Homework_4.o
 .debug_frame   0x000000000000045c       0xf0 ./source/circbuf.o
 .debug_frame   0x000000000000054c       0x2c ./source/main.o
 .debug_frame   0x0000000000000578       0xac ./source/project2.o
 .debug_frame   0x0000000000000624       0x30 ./source/project3.o
 .debug_frame   0x0000000000000654       0xec ./source/uart.o
 .debug_frame   0x0000000000000740      0x6d8 ./drivers/fsl_clock.o
 .debug_frame   0x0000000000000e18       0x90 ./drivers/fsl_common.o
 .debug_frame   0x0000000000000ea8      0x2e0 ./drivers/fsl_dma.o
 .debug_frame   0x0000000000001188      0x588 ./drivers/fsl_i2c.o
 .debug_frame   0x0000000000001710      0x40c ./drivers/fsl_lpsci.o
 .debug_frame   0x0000000000001b1c      0x468 ./drivers/fsl_spi.o
 .debug_frame   0x0000000000001f84      0x460 ./drivers/fsl_uart.o
 .debug_frame   0x00000000000023e4       0x50 ./board/board.o
 .debug_frame   0x0000000000002434      0x100 ./board/clock_config.o
 .debug_frame   0x0000000000002534       0x88 ./board/pin_mux.o
 .debug_frame   0x00000000000025bc       0x4c ./CMSIS/system_MKL25Z4.o
 .debug_frame   0x0000000000002608       0x20 /Applications/KDS_v3.app/Contents/toolchain/bin/../lib/gcc/arm-none-eabi/4.8.4/armv6-m/libgcc.a(_udivsi3.o)
 .debug_frame   0x0000000000002628       0x20 /Applications/KDS_v3.app/Contents/toolchain/bin/../lib/gcc/arm-none-eabi/4.8.4/armv6-m/libgcc.a(_divsi3.o)
 .debug_frame   0x0000000000002648       0x28 /Applications/KDS_v3.app/Contents/toolchain/bin/../lib/gcc/arm-none-eabi/4.8.4/../../../../arm-none-eabi/lib/armv6-m/libg_s.a(lib_a-exit.o)
 .debug_frame   0x0000000000002670       0x2c /Applications/KDS_v3.app/Contents/toolchain/bin/../lib/gcc/arm-none-eabi/4.8.4/../../../../arm-none-eabi/lib/armv6-m/libg_s.a(lib_a-init.o)
 .debug_frame   0x000000000000269c       0x20 /Applications/KDS_v3.app/Contents/toolchain/bin/../lib/gcc/arm-none-eabi/4.8.4/../../../../arm-none-eabi/lib/armv6-m/libg_s.a(lib_a-memset.o)
 .debug_frame   0x00000000000026bc       0x20 /Applications/KDS_v3.app/Contents/toolchain/bin/../lib/gcc/arm-none-eabi/4.8.4/../../../../arm-none-eabi/lib/armv6-m/libg_s.a(lib_a-strlen.o)
 .debug_frame   0x00000000000026dc      0x148 /Applications/KDS_v3.app/Contents/toolchain/bin/../lib/gcc/arm-none-eabi/4.8.4/../../../../arm-none-eabi/lib/armv6-m/libg_s.a(lib_a-findfp.o)
 .debug_frame   0x0000000000002824       0x20 /Applications/KDS_v3.app/Contents/toolchain/bin/../lib/gcc/arm-none-eabi/4.8.4/../../../../arm-none-eabi/lib/armv6-m/libnosys.a(_exit.o)

.stabstr        0x0000000000000000       0xe3
 .stabstr       0x0000000000000000       0xe3 /Applications/KDS_v3.app/Contents/toolchain/bin/../lib/gcc/arm-none-eabi/4.8.4/../../../../arm-none-eabi/lib/armv6-m/libnosys.a(close.o)
